This file contains any messages produced by compilers while
running configure, to aid debugging if configure makes a mistake.

It was created by life configure 1.0, which was
generated by GNU Autoconf 2.71.  Invocation command line was

  $ ./configure

## --------- ##
## Platform. ##
## --------- ##

hostname = DESKTOP-BTK16G3
uname -m = x86_64
uname -r = 6.6.87.1-microsoft-standard-WSL2
uname -s = Linux
uname -v = #1 SMP PREEMPT_DYNAMIC Mon Apr 21 17:08:54 UTC 2025

/usr/bin/uname -p = x86_64
/bin/uname -X     = unknown

/bin/arch              = x86_64
/usr/bin/arch -k       = unknown
/usr/convex/getsysinfo = unknown
/usr/bin/hostinfo      = unknown
/bin/machine           = unknown
/usr/bin/oslevel       = unknown
/bin/universe          = unknown

PATH: /home/dell/rk-tools/gcc-linaro-6.3.1-2017.05-x86_64_aarch64-linux-gnu/bin/
PATH: /home/dell/.codebuddy-server-cn/bin/b72e1c95b338c0ad905fa55af1a5011cf4093a9f/bin/remote-cli/
PATH: /home/dell/rk-tools/gcc-linaro-6.3.1-2017.05-x86_64_aarch64-linux-gnu/bin/
PATH: /usr/local/sbin/
PATH: /usr/local/bin/
PATH: /usr/sbin/
PATH: /usr/bin/
PATH: /sbin/
PATH: /bin/
PATH: /usr/games/
PATH: /usr/local/games/
PATH: /usr/lib/wsl/lib/
PATH: /mnt/c/Program Files (x86)/VMware/VMware Workstation/bin/
PATH: /mnt/c/WINDOWS/system32/
PATH: /mnt/c/WINDOWS/
PATH: /mnt/c/WINDOWS/System32/Wbem/
PATH: /mnt/c/WINDOWS/System32/WindowsPowerShell/v1.0/
PATH: /mnt/c/WINDOWS/System32/OpenSSH/
PATH: /mnt/d/matalb/runtime/win64/
PATH: /mnt/d/matalb/bin/
PATH: /mnt/c/Program Files/dotnet/
PATH: /mnt/c/Program Files/Git/cmd/
PATH: /mnt/c/Program Files/nodejs/
PATH: /mnt/d/Trae/Trae CN/bin/
PATH: /mnt/c/Users/dell/AppData/Local/hermes/hermes-agent/venv/Scripts/
PATH: /mnt/c/Users/dell/AppData/Local/hermes/bin/
PATH: /mnt/d/python/Scripts/
PATH: /mnt/d/python/
PATH: /mnt/c/Users/dell/AppData/Local/Microsoft/WindowsApps/
PATH: /mnt/c/Program Files (x86)/Tencent/QQGameTempest/Hall.57915/
PATH: /mnt/d/VScod/Microsoft VS Code/bin/
PATH: /mnt/d/mingw64/bin/
PATH: /mnt/c/Program Files/Git/bin/
PATH: /mnt/c/Users/dell/AppData/Roaming/npm/
PATH: /mnt/d/Code_Buddy/CodeBuddy CN/bin/
PATH: /snap/bin/


## ----------- ##
## Core tests. ##
## ----------- ##

configure:2095: looking for aux files: compile missing install-sh
configure:2108:  trying ./
configure:2137:   ./compile found
configure:2137:   ./missing found
configure:2119:   ./install-sh found
configure:2266: checking for a BSD-compatible install
configure:2339: result: /usr/bin/install -c
configure:2350: checking whether build environment is sane
configure:2405: result: yes
configure:2564: checking for a race-free mkdir -p
configure:2608: result: /usr/bin/mkdir -p
configure:2615: checking for gawk
configure:2636: found /usr/bin/gawk
configure:2647: result: gawk
configure:2658: checking whether make sets $(MAKE)
configure:2681: result: yes
configure:2711: checking whether make supports nested variables
configure:2729: result: yes
configure:2927: checking for gcc
configure:2948: found /usr/bin/gcc
configure:2959: result: gcc
configure:3312: checking for C compiler version
configure:3321: gcc --version >&5
gcc (Ubuntu 13.3.0-6ubuntu2~24.04.1) 13.3.0
Copyright (C) 2023 Free Software Foundation, Inc.
This is free software; see the source for copying conditions.  There is NO
warranty; not even for MERCHANTABILITY or FITNESS FOR A PARTICULAR PURPOSE.

configure:3332: $? = 0
configure:3321: gcc -v >&5
Using built-in specs.
COLLECT_GCC=gcc
COLLECT_LTO_WRAPPER=/usr/libexec/gcc/x86_64-linux-gnu/13/lto-wrapper
OFFLOAD_TARGET_NAMES=nvptx-none:amdgcn-amdhsa
OFFLOAD_TARGET_DEFAULT=1
Target: x86_64-linux-gnu
Configured with: ../src/configure -v --with-pkgversion='Ubuntu 13.3.0-6ubuntu2~24.04.1' --with-bugurl=file:///usr/share/doc/gcc-13/README.Bugs --enable-languages=c,ada,c++,go,d,fortran,objc,obj-c++,m2 --prefix=/usr --with-gcc-major-version-only --program-suffix=-13 --program-prefix=x86_64-linux-gnu- --enable-shared --enable-linker-build-id --libexecdir=/usr/libexec --without-included-gettext --enable-threads=posix --libdir=/usr/lib --enable-nls --enable-bootstrap --enable-clocale=gnu --enable-libstdcxx-debug --enable-libstdcxx-time=yes --with-default-libstdcxx-abi=new --enable-libstdcxx-backtrace --enable-gnu-unique-object --disable-vtable-verify --enable-plugin --enable-default-pie --with-system-zlib --enable-libphobos-checking=release --with-target-system-zlib=auto --enable-objc-gc=auto --enable-multiarch --disable-werror --enable-cet --with-arch-32=i686 --with-abi=m64 --with-multilib-list=m32,m64,mx32 --enable-multilib --with-tune=generic --enable-offload-targets=nvptx-none=/build/gcc-13-EldibY/gcc-13-13.3.0/debian/tmp-nvptx/usr,amdgcn-amdhsa=/build/gcc-13-EldibY/gcc-13-13.3.0/debian/tmp-gcn/usr --enable-offload-defaulted --without-cuda-driver --enable-checking=release --build=x86_64-linux-gnu --host=x86_64-linux-gnu --target=x86_64-linux-gnu --with-build-config=bootstrap-lto-lean --enable-link-serialization=2
Thread model: posix
Supported LTO compression algorithms: zlib zstd
gcc version 13.3.0 (Ubuntu 13.3.0-6ubuntu2~24.04.1) 
... rest of stderr output deleted ...
configure:3332: $? = 0
configure:3321: gcc -V >&5
gcc: error: unrecognized command-line option '-V'
gcc: fatal error: no input files
compilation terminated.
configure:3332: $? = 1
configure:3321: gcc -qversion >&5
gcc: error: unrecognized command-line option '-qversion'; did you mean '--version'?
gcc: fatal error: no input files
compilation terminated.
configure:3332: $? = 1
configure:3321: gcc -version >&5
gcc: error: unrecognized command-line option '-version'
gcc: fatal error: no input files
compilation terminated.
configure:3332: $? = 1
configure:3352: checking whether the C compiler works
configure:3374: gcc    conftest.c  >&5
configure:3378: $? = 0
configure:3428: result: yes
configure:3431: checking for C compiler default output file name
configure:3433: result: a.out
configure:3439: checking for suffix of executables
configure:3446: gcc -o conftest    conftest.c  >&5
configure:3450: $? = 0
configure:3473: result: 
configure:3495: checking whether we are cross compiling
configure:3503: gcc -o conftest    conftest.c  >&5
configure:3507: $? = 0
configure:3514: ./conftest
configure:3518: $? = 0
configure:3533: result: no
configure:3538: checking for suffix of object files
configure:3561: gcc -c   conftest.c >&5
configure:3565: $? = 0
configure:3587: result: o
configure:3591: checking whether the compiler supports GNU C
configure:3611: gcc -c   conftest.c >&5
configure:3611: $? = 0
configure:3621: result: yes
configure:3632: checking whether gcc accepts -g
configure:3653: gcc -c -g  conftest.c >&5
configure:3653: $? = 0
configure:3697: result: yes
configure:3717: checking for gcc option to enable C11 features
configure:3732: gcc  -c -g -O2  conftest.c >&5
configure:3732: $? = 0
configure:3750: result: none needed
configure:3866: checking whether gcc understands -c and -o together
configure:3889: gcc -c conftest.c -o conftest2.o
configure:3892: $? = 0
configure:3889: gcc -c conftest.c -o conftest2.o
configure:3892: $? = 0
configure:3904: result: yes
configure:3924: checking whether make supports the include directive
configure:3939: make -f confmf.GNU && cat confinc.out
this is the am__doit target
configure:3942: $? = 0
configure:3961: result: yes (GNU style)
configure:3987: checking dependency style of gcc
configure:4099: result: gcc3
configure:4162: checking for ranlib
configure:4183: found /usr/bin/ranlib
configure:4194: result: ranlib
configure:4355: checking that generated files are newer than configure
configure:4361: result: done
configure:4384: creating ./config.status

## ---------------------- ##
## Running config.status. ##
## ---------------------- ##

This file was extended by life config.status 1.0, which was
generated by GNU Autoconf 2.71.  Invocation command line was

  CONFIG_FILES    = 
  CONFIG_HEADERS  = 
  CONFIG_LINKS    = 
  CONFIG_COMMANDS = 
  $ ./config.status 

on DESKTOP-BTK16G3

config.status:772: creating Makefile
config.status:772: creating lib/Makefile
config.status:772: creating src/Makefile
config.status:944: executing depfiles commands
config.status:1021: cd lib       && sed -e '/# am--include-marker/d' Makefile         | make -f - am--depfiles
config.status:1026: $? = 0
config.status:1021: cd src       && sed -e '/# am--include-marker/d' Makefile         | make -f - am--depfiles
config.status:1026: $? = 0

## ---------------- ##
## Cache variables. ##
## ---------------- ##

ac_cv_c_compiler_gnu=yes
ac_cv_env_CC_set=
ac_cv_env_CC_value=
ac_cv_env_CFLAGS_set=
ac_cv_env_CFLAGS_value=
ac_cv_env_CPPFLAGS_set=
ac_cv_env_CPPFLAGS_value=
ac_cv_env_LDFLAGS_set=
ac_cv_env_LDFLAGS_value=
ac_cv_env_LIBS_set=
ac_cv_env_LIBS_value=
ac_cv_env_build_alias_set=
ac_cv_env_build_alias_value=
ac_cv_env_host_alias_set=
ac_cv_env_host_alias_value=
ac_cv_env_target_alias_set=
ac_cv_env_target_alias_value=
ac_cv_objext=o
ac_cv_path_install='/usr/bin/install -c'
ac_cv_path_mkdir=/usr/bin/mkdir
ac_cv_prog_AWK=gawk
ac_cv_prog_ac_ct_CC=gcc
ac_cv_prog_ac_ct_RANLIB=ranlib
ac_cv_prog_cc_c11=
ac_cv_prog_cc_g=yes
ac_cv_prog_cc_stdc=
ac_cv_prog_make_make_set=yes
am_cv_CC_dependencies_compiler_type=gcc3
am_cv_make_support_nested_variables=yes
am_cv_prog_cc_c_o=yes

## ----------------- ##
## Output variables. ##
## ----------------- ##

ACLOCAL='${SHELL} '\''/mnt/d/Gitee/cpp/嵌入式学习/工具/autotools/missing'\'' aclocal-1.16'
AMDEPBACKSLASH='\'
AMDEP_FALSE='#'
AMDEP_TRUE=''
AMTAR='$${TAR-tar}'
AM_BACKSLASH='\'
AM_DEFAULT_V='$(AM_DEFAULT_VERBOSITY)'
AM_DEFAULT_VERBOSITY='1'
AM_V='$(V)'
AUTOCONF='${SHELL} '\''/mnt/d/Gitee/cpp/嵌入式学习/工具/autotools/missing'\'' autoconf'
AUTOHEADER='${SHELL} '\''/mnt/d/Gitee/cpp/嵌入式学习/工具/autotools/missing'\'' autoheader'
AUTOMAKE='${SHELL} '\''/mnt/d/Gitee/cpp/嵌入式学习/工具/autotools/missing'\'' automake-1.16'
AWK='gawk'
CC='gcc'
CCDEPMODE='depmode=gcc3'
CFLAGS='-g -O2'
CPPFLAGS=''
CSCOPE='cscope'
CTAGS='ctags'
CYGPATH_W='echo'
DEFS='-DPACKAGE_NAME=\"life\" -DPACKAGE_TARNAME=\"life\" -DPACKAGE_VERSION=\"1.0\" -DPACKAGE_STRING=\"life\ 1.0\" -DPACKAGE_BUGREPORT=\"\" -DPACKAGE_URL=\"\" -DPACKAGE=\"life\" -DVERSION=\"1.0\"'
DEPDIR='.deps'
ECHO_C=''
ECHO_N='-n'
ECHO_T=''
ETAGS='etags'
EXEEXT=''
INSTALL_DATA='${INSTALL} -m 644'
INSTALL_PROGRAM='${INSTALL}'
INSTALL_SCRIPT='${INSTALL}'
INSTALL_STRIP_PROGRAM='$(install_sh) -c -s'
LDFLAGS=''
LIBOBJS=''
LIBS=''
LTLIBOBJS=''
MAKEINFO='${SHELL} '\''/mnt/d/Gitee/cpp/嵌入式学习/工具/autotools/missing'\'' makeinfo'
MKDIR_P='/usr/bin/mkdir -p'
OBJEXT='o'
PACKAGE='life'
PACKAGE_BUGREPORT=''
PACKAGE_NAME='life'
PACKAGE_STRING='life 1.0'
PACKAGE_TARNAME='life'
PACKAGE_URL=''
PACKAGE_VERSION='1.0'
PATH_SEPARATOR=':'
RANLIB='ranlib'
SET_MAKE=''
SHELL='/bin/bash'
STRIP=''
VERSION='1.0'
ac_ct_CC='gcc'
am__EXEEXT_FALSE=''
am__EXEEXT_TRUE='#'
am__fastdepCC_FALSE='#'
am__fastdepCC_TRUE=''
am__include='include'
am__isrc=''
am__leading_dot='.'
am__nodep='_no'
am__quote=''
am__tar='$${TAR-tar} chof - "$$tardir"'
am__untar='$${TAR-tar} xf -'
bindir='${exec_prefix}/bin'
build_alias=''
datadir='${datarootdir}'
datarootdir='${prefix}/share'
docdir='${datarootdir}/doc/${PACKAGE_TARNAME}'
dvidir='${docdir}'
exec_prefix='${prefix}'
host_alias=''
htmldir='${docdir}'
includedir='${prefix}/include'
infodir='${datarootdir}/info'
install_sh='${SHELL} /mnt/d/Gitee/cpp/嵌入式学习/工具/autotools/install-sh'
libdir='${exec_prefix}/lib'
libexecdir='${exec_prefix}/libexec'
localedir='${datarootdir}/locale'
localstatedir='${prefix}/var'
mandir='${datarootdir}/man'
mkdir_p='$(MKDIR_P)'
oldincludedir='/usr/include'
pdfdir='${docdir}'
prefix='/usr/local'
program_transform_name='s,x,x,'
psdir='${docdir}'
runstatedir='${localstatedir}/run'
sbindir='${exec_prefix}/sbin'
sharedstatedir='${prefix}/com'
sysconfdir='${prefix}/etc'
target_alias=''

## ----------- ##
## confdefs.h. ##
## ----------- ##

/* confdefs.h */
#define PACKAGE_NAME "life"
#define PACKAGE_TARNAME "life"
#define PACKAGE_VERSION "1.0"
#define PACKAGE_STRING "life 1.0"
#define PACKAGE_BUGREPORT ""
#define PACKAGE_URL ""
#define PACKAGE "life"
#define VERSION "1.0"

configure: exit 0
